scale=30M twin=True params=29.3M device=cuda seed=0 vocab=105
{'step': 500, 'loss': 4.369, 'q_loss': 3.4332, 'act_loss': 0.9357, 'tokens': 5312000, 'acc': {'T_act': 0.48, 'T_other': 0.28, 'T_state': 0.58, 'T_syntax': 1.0}, 'sec': 325.4}
{'step': 1000, 'loss': 5.2173, 'q_loss': 4.3164, 'act_loss': 0.9009, 'tokens': 10624000, 'acc': {'T_act': 0.48, 'T_other': 0.27, 'T_state': 0.57, 'T_syntax': 1.0}, 'sec': 651.5}
{'step': 1500, 'loss': 5.7458, 'q_loss': 4.7254, 'act_loss': 1.0204, 'tokens': 15936000, 'acc': {'T_act': 0.6, 'T_other': 0.22, 'T_state': 0.65, 'T_syntax': 1.0}, 'sec': 977.7}
{'step': 2000, 'loss': 5.2651, 'q_loss': 4.2473, 'act_loss': 1.0177, 'tokens': 21248000, 'acc': {'T_act': 0.64, 'T_other': 0.23, 'T_state': 0.71, 'T_syntax': 1.0}, 'sec': 1303.6}
{'step': 2500, 'loss': 3.7859, 'q_loss': 3.1332, 'act_loss': 0.6527, 'tokens': 26560000, 'acc': {'T_act': 0.52, 'T_other': 0.27, 'T_state': 0.75, 'T_syntax': 1.0}, 'sec': 1629.6}
{'step': 3000, 'loss': 5.1797, 'q_loss': 4.3705, 'act_loss': 0.8092, 'tokens': 31872000, 'acc': {'T_act': 0.44, 'T_other': 0.2, 'T_state': 0.73, 'T_syntax': 1.0}, 'sec': 1955.6}
{'step': 3500, 'loss': 4.4069, 'q_loss': 3.5765, 'act_loss': 0.8304, 'tokens': 37184000, 'acc': {'T_act': 0.52, 'T_other': 0.26, 'T_state': 0.72, 'T_syntax': 1.0}, 'sec': 2281.5}
{'step': 4000, 'loss': 4.6702, 'q_loss': 4.0207, 'act_loss': 0.6495, 'tokens': 42496000, 'acc': {'T_act': 0.48, 'T_other': 0.3, 'T_state': 0.74, 'T_syntax': 1.0}, 'sec': 2607.5}
{'step': 4500, 'loss': 4.2429, 'q_loss': 3.5723, 'act_loss': 0.6706, 'tokens': 47808000, 'acc': {'T_act': 0.52, 'T_other': 0.27, 'T_state': 0.8, 'T_syntax': 1.0}, 'sec': 2933.7}
{'step': 5000, 'loss': 3.7415, 'q_loss': 3.0378, 'act_loss': 0.7037, 'tokens': 53120000, 'acc': {'T_act': 0.56, 'T_other': 0.28, 'T_state': 0.84, 'T_syntax': 1.0}, 'sec': 3259.6}
{'step': 5500, 'loss': 4.144, 'q_loss': 3.3161, 'act_loss': 0.8279, 'tokens': 58432000, 'acc': {'T_act': 0.5, 'T_other': 0.29, 'T_state': 0.8, 'T_syntax': 1.0}, 'sec': 3585.7}
{'step': 6000, 'loss': 4.6679, 'q_loss': 3.875, 'act_loss': 0.7929, 'tokens': 63744000, 'acc': {'T_act': 0.6, 'T_other': 0.2, 'T_state': 0.88, 'T_syntax': 1.0}, 'sec': 3911.9}
{'step': 6500, 'loss': 3.4227, 'q_loss': 2.7799, 'act_loss': 0.6428, 'tokens': 69056000, 'acc': {'T_act': 0.4, 'T_other': 0.19, 'T_state': 0.9, 'T_syntax': 1.0}, 'sec': 4238.2}
{'step': 7000, 'loss': 3.6786, 'q_loss': 2.9987, 'act_loss': 0.6799, 'tokens': 74368000, 'acc': {'T_act': 0.46, 'T_other': 0.33, 'T_state': 0.91, 'T_syntax': 1.0}, 'sec': 4564.4}
{'step': 7500, 'loss': 4.2827, 'q_loss': 3.63, 'act_loss': 0.6527, 'tokens': 79680000, 'acc': {'T_act': 0.6, 'T_other': 0.27, 'T_state': 0.91, 'T_syntax': 1.0}, 'sec': 4890.6}
{'step': 8000, 'loss': 3.8771, 'q_loss': 3.23, 'act_loss': 0.6471, 'tokens': 84992000, 'acc': {'T_act': 0.58, 'T_other': 0.24, 'T_state': 0.94, 'T_syntax': 1.0}, 'sec': 5216.8}
{'step': 8500, 'loss': 3.7764, 'q_loss': 3.0013, 'act_loss': 0.7751, 'tokens': 90304000, 'acc': {'T_act': 0.54, 'T_other': 0.25, 'T_state': 0.95, 'T_syntax': 1.0}, 'sec': 5543.1}
{'step': 9000, 'loss': 3.3911, 'q_loss': 2.6653, 'act_loss': 0.7258, 'tokens': 95616000, 'acc': {'T_act': 0.6, 'T_other': 0.28, 'T_state': 0.99, 'T_syntax': 1.0}, 'sec': 5869.2}
{'step': 9500, 'loss': 3.5758, 'q_loss': 2.9632, 'act_loss': 0.6126, 'tokens': 100928000, 'acc': {'T_act': 0.48, 'T_other': 0.32, 'T_state': 0.9, 'T_syntax': 1.0}, 'sec': 6195.5}
{'step': 10000, 'loss': 3.5915, 'q_loss': 2.8162, 'act_loss': 0.7753, 'tokens': 106240000, 'acc': {'T_act': 0.54, 'T_other': 0.24, 'T_state': 0.9, 'T_syntax': 1.0}, 'sec': 6521.5}
{'step': 10500, 'loss': 3.2584, 'q_loss': 2.6289, 'act_loss': 0.6295, 'tokens': 111552000, 'acc': {'T_act': 0.48, 'T_other': 0.21, 'T_state': 0.97, 'T_syntax': 1.0}, 'sec': 6847.7}
{'step': 11000, 'loss': 3.3909, 'q_loss': 2.6993, 'act_loss': 0.6916, 'tokens': 116864000, 'acc': {'T_act': 0.48, 'T_other': 0.28, 'T_state': 0.96, 'T_syntax': 1.0}, 'sec': 7174.0}
{'step': 11500, 'loss': 3.295, 'q_loss': 2.5547, 'act_loss': 0.7403, 'tokens': 122176000, 'acc': {'T_act': 0.48, 'T_other': 0.31, 'T_state': 0.95, 'T_syntax': 1.0}, 'sec': 7500.2}
{'step': 12000, 'loss': 3.6335, 'q_loss': 2.9981, 'act_loss': 0.6354, 'tokens': 127488000, 'acc': {'T_act': 0.54, 'T_other': 0.25, 'T_state': 0.98, 'T_syntax': 1.0}, 'sec': 7826.2}
{'step': 12500, 'loss': 3.6152, 'q_loss': 2.9618, 'act_loss': 0.6534, 'tokens': 132800000, 'acc': {'T_act': 0.52, 'T_other': 0.17, 'T_state': 0.92, 'T_syntax': 1.0}, 'sec': 8152.5}
{'step': 13000, 'loss': 3.7383, 'q_loss': 2.9987, 'act_loss': 0.7396, 'tokens': 138112000, 'acc': {'T_act': 0.48, 'T_other': 0.26, 'T_state': 0.98, 'T_syntax': 1.0}, 'sec': 8478.6}
{'step': 13500, 'loss': 3.6199, 'q_loss': 2.9293, 'act_loss': 0.6906, 'tokens': 143424000, 'acc': {'T_act': 0.42, 'T_other': 0.26, 'T_state': 0.99, 'T_syntax': 1.0}, 'sec': 8804.7}
{'step': 14000, 'loss': 3.4418, 'q_loss': 2.743, 'act_loss': 0.6988, 'tokens': 148736000, 'acc': {'T_act': 0.6, 'T_other': 0.27, 'T_state': 0.98, 'T_syntax': 1.0}, 'sec': 9130.8}
{'step': 14500, 'loss': 3.258, 'q_loss': 2.6851, 'act_loss': 0.5729, 'tokens': 154048000, 'acc': {'T_act': 0.58, 'T_other': 0.26, 'T_state': 0.96, 'T_syntax': 1.0}, 'sec': 9457.0}
{'step': 15000, 'loss': 3.8867, 'q_loss': 3.1106, 'act_loss': 0.7761, 'tokens': 159360000, 'acc': {'T_act': 0.6, 'T_other': 0.22, 'T_state': 0.99, 'T_syntax': 1.0}, 'sec': 9783.2}
{'step': 15500, 'loss': 3.3848, 'q_loss': 2.7198, 'act_loss': 0.6649, 'tokens': 164672000, 'acc': {'T_act': 0.62, 'T_other': 0.27, 'T_state': 0.97, 'T_syntax': 1.0}, 'sec': 10109.3}
{'step': 16000, 'loss': 3.4636, 'q_loss': 2.8391, 'act_loss': 0.6245, 'tokens': 169984000, 'acc': {'T_act': 0.52, 'T_other': 0.3, 'T_state': 0.99, 'T_syntax': 1.0}, 'sec': 10435.7}
{'step': 16500, 'loss': 3.5135, 'q_loss': 2.8122, 'act_loss': 0.7013, 'tokens': 175296000, 'acc': {'T_act': 0.54, 'T_other': 0.28, 'T_state': 0.99, 'T_syntax': 1.0}, 'sec': 10761.8}
{'step': 17000, 'loss': 3.7788, 'q_loss': 2.941, 'act_loss': 0.8377, 'tokens': 180608000, 'acc': {'T_act': 0.62, 'T_other': 0.27, 'T_state': 0.97, 'T_syntax': 1.0}, 'sec': 11087.8}
{'step': 17500, 'loss': 3.2291, 'q_loss': 2.6864, 'act_loss': 0.5427, 'tokens': 185920000, 'acc': {'T_act': 0.48, 'T_other': 0.22, 'T_state': 0.99, 'T_syntax': 1.0}, 'sec': 11414.0}
{'step': 18000, 'loss': 3.3475, 'q_loss': 2.7414, 'act_loss': 0.6061, 'tokens': 191232000, 'acc': {'T_act': 0.54, 'T_other': 0.16, 'T_state': 0.98, 'T_syntax': 1.0}, 'sec': 11740.2}
{'step': 18500, 'loss': 4.2021, 'q_loss': 3.4676, 'act_loss': 0.7345, 'tokens': 196544000, 'acc': {'T_act': 0.52, 'T_other': 0.18, 'T_state': 0.98, 'T_syntax': 1.0}, 'sec': 12066.4}
{'step': 19000, 'loss': 3.6428, 'q_loss': 3.013, 'act_loss': 0.6298, 'tokens': 201856000, 'acc': {'T_act': 0.48, 'T_other': 0.22, 'T_state': 0.96, 'T_syntax': 1.0}, 'sec': 12392.4}
{'step': 19500, 'loss': 3.4189, 'q_loss': 2.7302, 'act_loss': 0.6887, 'tokens': 207168000, 'acc': {'T_act': 0.6, 'T_other': 0.27, 'T_state': 0.98, 'T_syntax': 1.0}, 'sec': 12718.6}
{'step': 20000, 'loss': 3.7748, 'q_loss': 3.0862, 'act_loss': 0.6886, 'tokens': 212480000, 'acc': {'T_act': 0.54, 'T_other': 0.29, 'T_state': 0.97, 'T_syntax': 1.0}, 'sec': 13044.7}
{'step': 20500, 'loss': 3.5016, 'q_loss': 2.9119, 'act_loss': 0.5896, 'tokens': 217792000, 'acc': {'T_act': 0.56, 'T_other': 0.22, 'T_state': 0.99, 'T_syntax': 1.0}, 'sec': 13371.1}
{'step': 21000, 'loss': 3.7683, 'q_loss': 3.0818, 'act_loss': 0.6865, 'tokens': 223104000, 'acc': {'T_act': 0.48, 'T_other': 0.2, 'T_state': 0.99, 'T_syntax': 1.0}, 'sec': 13697.2}
{'step': 21500, 'loss': 3.4618, 'q_loss': 2.7609, 'act_loss': 0.701, 'tokens': 228416000, 'acc': {'T_act': 0.54, 'T_other': 0.32, 'T_state': 0.98, 'T_syntax': 1.0}, 'sec': 14023.2}
{'step': 22000, 'loss': 3.6681, 'q_loss': 2.9557, 'act_loss': 0.7124, 'tokens': 233728000, 'acc': {'T_act': 0.56, 'T_other': 0.31, 'T_state': 0.97, 'T_syntax': 1.0}, 'sec': 14349.2}
{'step': 22500, 'loss': 3.5874, 'q_loss': 2.9914, 'act_loss': 0.596, 'tokens': 239040000, 'acc': {'T_act': 0.58, 'T_other': 0.29, 'T_state': 0.98, 'T_syntax': 1.0}, 'sec': 14675.3}
{'step': 23000, 'loss': 3.6607, 'q_loss': 3.041, 'act_loss': 0.6197, 'tokens': 244352000, 'acc': {'T_act': 0.52, 'T_other': 0.32, 'T_state': 0.98, 'T_syntax': 1.0}, 'sec': 15001.4}
{'step': 23500, 'loss': 3.551, 'q_loss': 2.9084, 'act_loss': 0.6426, 'tokens': 249664000, 'acc': {'T_act': 0.64, 'T_other': 0.32, 'T_state': 0.98, 'T_syntax': 1.0}, 'sec': 15327.6}
{'step': 24000, 'loss': 3.3244, 'q_loss': 2.6636, 'act_loss': 0.6607, 'tokens': 254976000, 'acc': {'T_act': 0.48, 'T_other': 0.22, 'T_state': 0.97, 'T_syntax': 1.0}, 'sec': 15653.7}
{'step': 24500, 'loss': 3.4177, 'q_loss': 2.7824, 'act_loss': 0.6354, 'tokens': 260288000, 'acc': {'T_act': 0.52, 'T_other': 0.19, 'T_state': 0.99, 'T_syntax': 1.0}, 'sec': 15979.8}
{'step': 25000, 'loss': 3.1402, 'q_loss': 2.5546, 'act_loss': 0.5856, 'tokens': 265600000, 'acc': {'T_act': 0.56, 'T_other': 0.3, 'T_state': 0.98, 'T_syntax': 1.0}, 'sec': 16306.0}
{'step': 25500, 'loss': 3.4252, 'q_loss': 2.7664, 'act_loss': 0.6587, 'tokens': 270912000, 'acc': {'T_act': 0.54, 'T_other': 0.26, 'T_state': 0.98, 'T_syntax': 1.0}, 'sec': 16631.9}
{'step': 26000, 'loss': 3.4553, 'q_loss': 2.8514, 'act_loss': 0.6038, 'tokens': 276224000, 'acc': {'T_act': 0.54, 'T_other': 0.24, 'T_state': 0.97, 'T_syntax': 1.0}, 'sec': 16957.9}
{'step': 26500, 'loss': 3.4142, 'q_loss': 2.7834, 'act_loss': 0.6308, 'tokens': 281536000, 'acc': {'T_act': 0.56, 'T_other': 0.24, 'T_state': 0.99, 'T_syntax': 1.0}, 'sec': 17284.2}
{'step': 27000, 'loss': 3.4788, 'q_loss': 2.8746, 'act_loss': 0.6042, 'tokens': 286848000, 'acc': {'T_act': 0.58, 'T_other': 0.19, 'T_state': 0.98, 'T_syntax': 1.0}, 'sec': 17610.2}
{'step': 27500, 'loss': 3.4573, 'q_loss': 2.8234, 'act_loss': 0.6339, 'tokens': 292160000, 'acc': {'T_act': 0.48, 'T_other': 0.26, 'T_state': 0.98, 'T_syntax': 1.0}, 'sec': 17936.2}
{'step': 28000, 'loss': 3.5069, 'q_loss': 2.7924, 'act_loss': 0.7145, 'tokens': 297472000, 'acc': {'T_act': 0.58, 'T_other': 0.25, 'T_state': 0.93, 'T_syntax': 1.0}, 'sec': 18262.4}
{'step': 28500, 'loss': 3.4147, 'q_loss': 2.6436, 'act_loss': 0.7712, 'tokens': 302784000, 'acc': {'T_act': 0.48, 'T_other': 0.23, 'T_state': 0.98, 'T_syntax': 1.0}, 'sec': 18588.4}
{'step': 29000, 'loss': 3.7041, 'q_loss': 3.1155, 'act_loss': 0.5886, 'tokens': 308096000, 'acc': {'T_act': 0.6, 'T_other': 0.26, 'T_state': 0.99, 'T_syntax': 1.0}, 'sec': 18914.6}
{'step': 29500, 'loss': 3.3321, 'q_loss': 2.7088, 'act_loss': 0.6233, 'tokens': 313408000, 'acc': {'T_act': 0.48, 'T_other': 0.31, 'T_state': 0.99, 'T_syntax': 1.0}, 'sec': 19240.6}
{'step': 30000, 'loss': 3.4776, 'q_loss': 2.8153, 'act_loss': 0.6623, 'tokens': 318720000, 'acc': {'T_act': 0.64, 'T_other': 0.27, 'T_state': 0.99, 'T_syntax': 1.0}, 'sec': 19566.4}
{'step': 30500, 'loss': 3.2107, 'q_loss': 2.6355, 'act_loss': 0.5752, 'tokens': 324032000, 'acc': {'T_act': 0.44, 'T_other': 0.21, 'T_state': 0.99, 'T_syntax': 1.0}, 'sec': 19892.4}
{'step': 31000, 'loss': 3.4314, 'q_loss': 2.8525, 'act_loss': 0.5789, 'tokens': 329344000, 'acc': {'T_act': 0.64, 'T_other': 0.27, 'T_state': 0.99, 'T_syntax': 1.0}, 'sec': 20218.3}
{'step': 31500, 'loss': 3.4032, 'q_loss': 2.8321, 'act_loss': 0.5712, 'tokens': 334656000, 'acc': {'T_act': 0.56, 'T_other': 0.26, 'T_state': 0.99, 'T_syntax': 1.0}, 'sec': 20544.3}
{'step': 32000, 'loss': 3.3064, 'q_loss': 2.6915, 'act_loss': 0.6148, 'tokens': 339968000, 'acc': {'T_act': 0.38, 'T_other': 0.23, 'T_state': 0.97, 'T_syntax': 1.0}, 'sec': 20870.3}
{'step': 32500, 'loss': 3.2982, 'q_loss': 2.6268, 'act_loss': 0.6714, 'tokens': 345280000, 'acc': {'T_act': 0.44, 'T_other': 0.34, 'T_state': 0.99, 'T_syntax': 1.0}, 'sec': 21196.1}
{'step': 33000, 'loss': 3.4164, 'q_loss': 2.7682, 'act_loss': 0.6482, 'tokens': 350592000, 'acc': {'T_act': 0.56, 'T_other': 0.21, 'T_state': 0.99, 'T_syntax': 1.0}, 'sec': 21522.1}
{'step': 33500, 'loss': 3.2761, 'q_loss': 2.6601, 'act_loss': 0.616, 'tokens': 355904000, 'acc': {'T_act': 0.56, 'T_other': 0.2, 'T_state': 1.0, 'T_syntax': 1.0}, 'sec': 21847.9}
{'step': 34000, 'loss': 3.2279, 'q_loss': 2.6124, 'act_loss': 0.6155, 'tokens': 361216000, 'acc': {'T_act': 0.46, 'T_other': 0.32, 'T_state': 0.99, 'T_syntax': 1.0}, 'sec': 22173.9}
{'step': 34500, 'loss': 3.4345, 'q_loss': 2.8197, 'act_loss': 0.6148, 'tokens': 366528000, 'acc': {'T_act': 0.48, 'T_other': 0.32, 'T_state': 0.99, 'T_syntax': 1.0}, 'sec': 22500.0}
{'step': 35000, 'loss': 3.2775, 'q_loss': 2.6725, 'act_loss': 0.605, 'tokens': 371840000, 'acc': {'T_act': 0.62, 'T_other': 0.27, 'T_state': 0.98, 'T_syntax': 1.0}, 'sec': 22826.0}
{'step': 35500, 'loss': 3.4279, 'q_loss': 2.8226, 'act_loss': 0.6053, 'tokens': 377152000, 'acc': {'T_act': 0.5, 'T_other': 0.28, 'T_state': 0.99, 'T_syntax': 1.0}, 'sec': 23151.9}
{'step': 36000, 'loss': 3.5019, 'q_loss': 2.8733, 'act_loss': 0.6286, 'tokens': 382464000, 'acc': {'T_act': 0.56, 'T_other': 0.28, 'T_state': 0.99, 'T_syntax': 1.0}, 'sec': 23477.9}
{'step': 36500, 'loss': 3.4378, 'q_loss': 2.8871, 'act_loss': 0.5507, 'tokens': 387776000, 'acc': {'T_act': 0.52, 'T_other': 0.19, 'T_state': 0.99, 'T_syntax': 1.0}, 'sec': 23803.9}
{'step': 37000, 'loss': 3.3905, 'q_loss': 2.7146, 'act_loss': 0.6759, 'tokens': 393088000, 'acc': {'T_act': 0.62, 'T_other': 0.26, 'T_state': 0.99, 'T_syntax': 1.0}, 'sec': 24130.1}
{'step': 37500, 'loss': 3.3925, 'q_loss': 2.7449, 'act_loss': 0.6476, 'tokens': 398400000, 'acc': {'T_act': 0.5, 'T_other': 0.19, 'T_state': 0.98, 'T_syntax': 1.0}, 'sec': 24456.4}
{'step': 38000, 'loss': 3.5301, 'q_loss': 2.8716, 'act_loss': 0.6585, 'tokens': 403712000, 'acc': {'T_act': 0.6, 'T_other': 0.24, 'T_state': 0.96, 'T_syntax': 1.0}, 'sec': 24782.3}
{'step': 38500, 'loss': 3.3333, 'q_loss': 2.743, 'act_loss': 0.5903, 'tokens': 409024000, 'acc': {'T_act': 0.52, 'T_other': 0.28, 'T_state': 0.97, 'T_syntax': 1.0}, 'sec': 25108.4}
{'step': 39000, 'loss': 3.3505, 'q_loss': 2.6548, 'act_loss': 0.6957, 'tokens': 414336000, 'acc': {'T_act': 0.46, 'T_other': 0.26, 'T_state': 0.98, 'T_syntax': 1.0}, 'sec': 25434.4}
{'step': 39500, 'loss': 3.2886, 'q_loss': 2.6656, 'act_loss': 0.623, 'tokens': 419648000, 'acc': {'T_act': 0.48, 'T_other': 0.28, 'T_state': 0.99, 'T_syntax': 1.0}, 'sec': 25760.5}
{'step': 40000, 'loss': 3.3432, 'q_loss': 2.707, 'act_loss': 0.6362, 'tokens': 424960000, 'acc': {'T_act': 0.5, 'T_other': 0.3, 'T_state': 1.0, 'T_syntax': 1.0}, 'sec': 26086.5}
{'step': 40500, 'loss': 3.2772, 'q_loss': 2.6698, 'act_loss': 0.6075, 'tokens': 430272000, 'acc': {'T_act': 0.46, 'T_other': 0.21, 'T_state': 0.99, 'T_syntax': 1.0}, 'sec': 26412.6}
{'step': 41000, 'loss': 3.3328, 'q_loss': 2.7153, 'act_loss': 0.6175, 'tokens': 435584000, 'acc': {'T_act': 0.68, 'T_other': 0.26, 'T_state': 1.0, 'T_syntax': 1.0}, 'sec': 26738.6}
{'step': 41500, 'loss': 3.5368, 'q_loss': 2.9476, 'act_loss': 0.5892, 'tokens': 440896000, 'acc': {'T_act': 0.58, 'T_other': 0.24, 'T_state': 0.99, 'T_syntax': 1.0}, 'sec': 27064.7}
{'step': 42000, 'loss': 3.381, 'q_loss': 2.7292, 'act_loss': 0.6518, 'tokens': 446208000, 'acc': {'T_act': 0.62, 'T_other': 0.24, 'T_state': 0.99, 'T_syntax': 1.0}, 'sec': 27390.8}
{'step': 42500, 'loss': 3.1655, 'q_loss': 2.5738, 'act_loss': 0.5917, 'tokens': 451520000, 'acc': {'T_act': 0.58, 'T_other': 0.21, 'T_state': 0.98, 'T_syntax': 1.0}, 'sec': 27716.7}
{'step': 43000, 'loss': 3.3842, 'q_loss': 2.8081, 'act_loss': 0.576, 'tokens': 456832000, 'acc': {'T_act': 0.42, 'T_other': 0.2, 'T_state': 0.99, 'T_syntax': 1.0}, 'sec': 28042.6}
{'step': 43500, 'loss': 3.4287, 'q_loss': 2.8118, 'act_loss': 0.6169, 'tokens': 462144000, 'acc': {'T_act': 0.56, 'T_other': 0.24, 'T_state': 0.99, 'T_syntax': 1.0}, 'sec': 28368.5}
{'step': 44000, 'loss': 3.2831, 'q_loss': 2.6416, 'act_loss': 0.6415, 'tokens': 467456000, 'acc': {'T_act': 0.56, 'T_other': 0.23, 'T_state': 0.99, 'T_syntax': 1.0}, 'sec': 28694.5}
{'step': 44500, 'loss': 3.1969, 'q_loss': 2.6158, 'act_loss': 0.5811, 'tokens': 472768000, 'acc': {'T_act': 0.54, 'T_other': 0.22, 'T_state': 0.98, 'T_syntax': 1.0}, 'sec': 29020.4}
{'step': 45000, 'loss': 3.4297, 'q_loss': 2.8369, 'act_loss': 0.5927, 'tokens': 478080000, 'acc': {'T_act': 0.62, 'T_other': 0.26, 'T_state': 0.98, 'T_syntax': 1.0}, 'sec': 29346.3}
{'step': 45500, 'loss': 3.3601, 'q_loss': 2.7354, 'act_loss': 0.6247, 'tokens': 483392000, 'acc': {'T_act': 0.56, 'T_other': 0.28, 'T_state': 0.99, 'T_syntax': 1.0}, 'sec': 29672.1}
{'step': 46000, 'loss': 3.4903, 'q_loss': 2.8212, 'act_loss': 0.6692, 'tokens': 488704000, 'acc': {'T_act': 0.56, 'T_other': 0.3, 'T_state': 0.99, 'T_syntax': 1.0}, 'sec': 29998.1}
{'step': 46500, 'loss': 3.3046, 'q_loss': 2.6999, 'act_loss': 0.6047, 'tokens': 494016000, 'acc': {'T_act': 0.5, 'T_other': 0.29, 'T_state': 0.99, 'T_syntax': 1.0}, 'sec': 30324.0}
{'step': 47000, 'loss': 3.3474, 'q_loss': 2.7322, 'act_loss': 0.6152, 'tokens': 499328000, 'acc': {'T_act': 0.54, 'T_other': 0.23, 'T_state': 0.99, 'T_syntax': 1.0}, 'sec': 30650.2}
{'step': 47500, 'loss': 3.5685, 'q_loss': 2.9475, 'act_loss': 0.621, 'tokens': 504640000, 'acc': {'T_act': 0.46, 'T_other': 0.25, 'T_state': 0.97, 'T_syntax': 1.0}, 'sec': 30976.3}
{'step': 48000, 'loss': 3.3198, 'q_loss': 2.7088, 'act_loss': 0.611, 'tokens': 509952000, 'acc': {'T_act': 0.62, 'T_other': 0.24, 'T_state': 0.99, 'T_syntax': 1.0}, 'sec': 31302.4}
{'step': 48500, 'loss': 3.1477, 'q_loss': 2.5572, 'act_loss': 0.5906, 'tokens': 515264000, 'acc': {'T_act': 0.58, 'T_other': 0.27, 'T_state': 0.99, 'T_syntax': 1.0}, 'sec': 31628.5}
{'step': 49000, 'loss': 3.2719, 'q_loss': 2.6068, 'act_loss': 0.6651, 'tokens': 520576000, 'acc': {'T_act': 0.56, 'T_other': 0.28, 'T_state': 1.0, 'T_syntax': 1.0}, 'sec': 31954.6}
{'step': 49500, 'loss': 3.3573, 'q_loss': 2.7083, 'act_loss': 0.6489, 'tokens': 525888000, 'acc': {'T_act': 0.56, 'T_other': 0.26, 'T_state': 1.0, 'T_syntax': 1.0}, 'sec': 32280.9}
{'step': 50000, 'loss': 3.2732, 'q_loss': 2.6616, 'act_loss': 0.6116, 'tokens': 531200000, 'acc': {'T_act': 0.5, 'T_other': 0.27, 'T_state': 0.98, 'T_syntax': 1.0}, 'sec': 32607.1}
{'step': 50500, 'loss': 3.1663, 'q_loss': 2.589, 'act_loss': 0.5772, 'tokens': 536512000, 'acc': {'T_act': 0.5, 'T_other': 0.29, 'T_state': 1.0, 'T_syntax': 1.0}, 'sec': 32933.2}
{'step': 51000, 'loss': 3.4419, 'q_loss': 2.7742, 'act_loss': 0.6677, 'tokens': 541824000, 'acc': {'T_act': 0.46, 'T_other': 0.31, 'T_state': 1.0, 'T_syntax': 1.0}, 'sec': 33259.3}
{'step': 51500, 'loss': 3.6771, 'q_loss': 3.0678, 'act_loss': 0.6094, 'tokens': 547136000, 'acc': {'T_act': 0.54, 'T_other': 0.27, 'T_state': 0.99, 'T_syntax': 1.0}, 'sec': 33585.2}
{'step': 52000, 'loss': 3.0968, 'q_loss': 2.5135, 'act_loss': 0.5833, 'tokens': 552448000, 'acc': {'T_act': 0.5, 'T_other': 0.3, 'T_state': 0.99, 'T_syntax': 1.0}, 'sec': 33911.2}
{'step': 52500, 'loss': 3.4251, 'q_loss': 2.756, 'act_loss': 0.6692, 'tokens': 557760000, 'acc': {'T_act': 0.46, 'T_other': 0.34, 'T_state': 0.99, 'T_syntax': 1.0}, 'sec': 34237.1}
{'step': 53000, 'loss': 3.3715, 'q_loss': 2.7248, 'act_loss': 0.6467, 'tokens': 563072000, 'acc': {'T_act': 0.5, 'T_other': 0.19, 'T_state': 0.99, 'T_syntax': 1.0}, 'sec': 34563.0}
{'step': 53500, 'loss': 3.5451, 'q_loss': 2.9289, 'act_loss': 0.6163, 'tokens': 568384000, 'acc': {'T_act': 0.58, 'T_other': 0.22, 'T_state': 0.98, 'T_syntax': 1.0}, 'sec': 34888.9}
{'step': 54000, 'loss': 3.3074, 'q_loss': 2.7407, 'act_loss': 0.5668, 'tokens': 573696000, 'acc': {'T_act': 0.58, 'T_other': 0.21, 'T_state': 1.0, 'T_syntax': 1.0}, 'sec': 35214.9}
{'step': 54500, 'loss': 3.4443, 'q_loss': 2.7627, 'act_loss': 0.6817, 'tokens': 579008000, 'acc': {'T_act': 0.52, 'T_other': 0.28, 'T_state': 1.0, 'T_syntax': 1.0}, 'sec': 35540.9}
{'step': 55000, 'loss': 3.2374, 'q_loss': 2.6311, 'act_loss': 0.6064, 'tokens': 584320000, 'acc': {'T_act': 0.6, 'T_other': 0.27, 'T_state': 1.0, 'T_syntax': 1.0}, 'sec': 35866.9}
{'step': 55116, 'loss': 3.3476, 'q_loss': 2.6995, 'act_loss': 0.6482, 'tokens': 585552384, 'acc': {'T_act': 0.42, 'T_other': 0.31, 'T_state': 0.99, 'T_syntax': 1.0}, 'sec': 35943.2}
token budget reached (585,552,384)
saved /workspace/mvm-out/a3ctl_30m_seed0.pt
TRAINING COMPLETE
self-terminate: runpodctl remove pod kdvdsomkf3u6va -> rc=0 pod "kdvdsomkf3u6va" removed
