recipe {"arm": "T", "size": "10M", "seed": 0, "batch": 96, "lr": 0.002, "weight_decay": 0.01, "warmup_frac": 0.1, "max_tokens": 585544960, "steps": 108919, "clip": 1.0, "tokens_per_step": 5376, "parameters": 5265758, "data": "fresh per step, evaluation sets excluded, fresh and relaxed pairings excluded"}
{"step": 2000, "loss": 0.0001, "tokens": 10752000, "lr": 0.00023537962025161068, "traj_own": 1.0, "traj_other": 1.0, "skipped": 0, "sec": 19.6, "sec_per_step": 0.0098}
{"step": 4000, "loss": 0.0, "tokens": 21504000, "lr": 0.0006512209260282457, "traj_own": 1.0, "traj_other": 1.0, "skipped": 0, "sec": 39.5, "sec_per_step": 0.00987}
{"step": 6000, "loss": 0.0, "tokens": 32256000, "lr": 0.0011929129502955137, "traj_own": 1.0, "traj_other": 1.0, "skipped": 0, "sec": 59.3, "sec_per_step": 0.00988}
{"step": 8000, "loss": 0.0, "tokens": 43008000, "lr": 0.001685105899253469, "traj_own": 1.0, "traj_other": 1.0, "skipped": 0, "sec": 79.2, "sec_per_step": 0.0099}
{"step": 10000, "loss": 0.0, "tokens": 53760000, "lr": 0.001968473203111262, "traj_own": 1.0, "traj_other": 1.0, "skipped": 0, "sec": 99.0, "sec_per_step": 0.0099}
{"step": 12000, "loss": 0.0, "tokens": 64512000, "lr": 0.001999368357435367, "traj_own": 1.0, "traj_other": 1.0, "skipped": 0, "sec": 119.0, "sec_per_step": 0.00992}
{"step": 14000, "loss": 0.0, "tokens": 75264000, "lr": 0.0019950399536372487, "traj_own": 1.0, "traj_other": 1.0, "skipped": 0, "sec": 138.9, "sec_per_step": 0.00992}
{"step": 16000, "loss": 0.5013, "tokens": 86016000, "lr": 0.0019866249933251706, "traj_own": 0.77, "traj_other": 1.0, "skipped": 0, "sec": 159.6, "sec_per_step": 0.00998}
{"step": 18000, "loss": 0.5792, "tokens": 96768000, "lr": 0.0019741580362662974, "traj_own": 0.77, "traj_other": 1.0, "skipped": 0, "sec": 179.5, "sec_per_step": 0.00997}
{"step": 20000, "loss": 0.5224, "tokens": 107520000, "lr": 0.001957690283549787, "traj_own": 0.74, "traj_other": 1.0, "skipped": 0, "sec": 199.5, "sec_per_step": 0.00997}
{"step": 22000, "loss": 0.5702, "tokens": 118272000, "lr": 0.0019372893673068085, "traj_own": 0.74, "traj_other": 0.9925, "skipped": 0, "sec": 219.5, "sec_per_step": 0.00998}
{"step": 24000, "loss": 0.5527, "tokens": 129024000, "lr": 0.0019130390729491943, "traj_own": 0.735, "traj_other": 1.0, "skipped": 0, "sec": 239.2, "sec_per_step": 0.00997}
{"step": 26000, "loss": 0.5579, "tokens": 139776000, "lr": 0.0018850389950674817, "traj_own": 0.74, "traj_other": 1.0, "skipped": 0, "sec": 259.2, "sec_per_step": 0.00997}
{"step": 28000, "loss": 0.4633, "tokens": 150528000, "lr": 0.00185340412840155, "traj_own": 0.7575, "traj_other": 1.0, "skipped": 0, "sec": 279.1, "sec_per_step": 0.00997}
{"step": 30000, "loss": 0.4515, "tokens": 161280000, "lr": 0.0018182643955637122, "traj_own": 0.7775, "traj_other": 1.0, "skipped": 0, "sec": 299.0, "sec_per_step": 0.00997}
{"step": 32000, "loss": 0.4285, "tokens": 172032000, "lr": 0.0017797641134538777, "traj_own": 0.7875, "traj_other": 1.0, "skipped": 0, "sec": 318.9, "sec_per_step": 0.00997}
{"step": 34000, "loss": 0.3256, "tokens": 182784000, "lr": 0.0017380614005581875, "traj_own": 0.8, "traj_other": 1.0, "skipped": 0, "sec": 338.8, "sec_per_step": 0.00997}
{"step": 36000, "loss": 0.4036, "tokens": 193536000, "lr": 0.0016933275275653145, "traj_own": 0.8, "traj_other": 1.0, "skipped": 0, "sec": 358.7, "sec_per_step": 0.00996}
{"step": 38000, "loss": 0.3522, "tokens": 204288000, "lr": 0.001645746213967409, "traj_own": 0.8725, "traj_other": 1.0, "skipped": 0, "sec": 378.5, "sec_per_step": 0.00996}
{"step": 40000, "loss": 0.1908, "tokens": 215040000, "lr": 0.001595512873534512, "traj_own": 0.89, "traj_other": 1.0, "skipped": 0, "sec": 398.2, "sec_per_step": 0.00996}
{"step": 42000, "loss": 0.2152, "tokens": 225792000, "lr": 0.0015428338117612279, "traj_own": 0.89, "traj_other": 0.9975, "skipped": 0, "sec": 417.8, "sec_per_step": 0.00995}
{"step": 44000, "loss": 0.2463, "tokens": 236544000, "lr": 0.0014879253785816987, "traj_own": 0.935, "traj_other": 1.0, "skipped": 0, "sec": 437.4, "sec_per_step": 0.00994}
{"step": 46000, "loss": 0.196, "tokens": 247296000, "lr": 0.0014310130798326343, "traj_own": 0.935, "traj_other": 1.0, "skipped": 0, "sec": 457.2, "sec_per_step": 0.00994}
{"step": 48000, "loss": 0.1344, "tokens": 258048000, "lr": 0.001372330651113565, "traj_own": 0.9125, "traj_other": 1.0, "skipped": 0, "sec": 476.9, "sec_per_step": 0.00994}
{"step": 50000, "loss": 0.1182, "tokens": 268800000, "lr": 0.0013121190978479225, "traj_own": 0.9175, "traj_other": 1.0, "skipped": 0, "sec": 496.8, "sec_per_step": 0.00994}
{"step": 52000, "loss": 0.0954, "tokens": 279552000, "lr": 0.001250625705487368, "traj_own": 0.9275, "traj_other": 0.995, "skipped": 0, "sec": 516.7, "sec_per_step": 0.00994}
{"step": 54000, "loss": 0.1187, "tokens": 290304000, "lr": 0.0011881030239243924, "traj_own": 0.9325, "traj_other": 0.9975, "skipped": 0, "sec": 536.7, "sec_per_step": 0.00994}
{"step": 56000, "loss": 0.1066, "tokens": 301056000, "lr": 0.0011248078302841624, "traj_own": 0.935, "traj_other": 0.995, "skipped": 0, "sec": 556.8, "sec_per_step": 0.00994}
{"step": 58000, "loss": 0.0902, "tokens": 311808000, "lr": 0.0010610000743553531, "traj_own": 0.93, "traj_other": 1.0, "skipped": 0, "sec": 576.7, "sec_per_step": 0.00994}
{"step": 60000, "loss": 0.0319, "tokens": 322560000, "lr": 0.0009969418109910366, "traj_own": 0.9825, "traj_other": 0.995, "skipped": 0, "sec": 596.6, "sec_per_step": 0.00994}
{"step": 62000, "loss": 0.0472, "tokens": 333312000, "lr": 0.0009328961238641875, "traj_own": 0.9775, "traj_other": 1.0, "skipped": 0, "sec": 616.5, "sec_per_step": 0.00994}
{"step": 64000, "loss": 0.0557, "tokens": 344064000, "lr": 0.0008691260449978829, "traj_own": 0.96, "traj_other": 0.995, "skipped": 0, "sec": 636.3, "sec_per_step": 0.00994}
{"step": 66000, "loss": 0.0788, "tokens": 354816000, "lr": 0.0008058934745076246, "traj_own": 0.9675, "traj_other": 0.9975, "skipped": 0, "sec": 656.3, "sec_per_step": 0.00994}
{"step": 68000, "loss": 0.0268, "tokens": 365568000, "lr": 0.0007434581049923457, "traj_own": 0.9775, "traj_other": 0.995, "skipped": 0, "sec": 676.1, "sec_per_step": 0.00994}
{"step": 70000, "loss": 0.066, "tokens": 376320000, "lr": 0.0006820763549915587, "traj_own": 0.98, "traj_other": 0.995, "skipped": 0, "sec": 696.6, "sec_per_step": 0.00995}
{"step": 72000, "loss": 0.0013, "tokens": 387072000, "lr": 0.0006220003158888839, "traj_own": 0.985, "traj_other": 0.995, "skipped": 0, "sec": 716.6, "sec_per_step": 0.00995}
{"step": 74000, "loss": 0.0297, "tokens": 397824000, "lr": 0.00056347671658696, "traj_own": 0.9825, "traj_other": 0.995, "skipped": 0, "sec": 736.4, "sec_per_step": 0.00995}
{"step": 76000, "loss": 0.0153, "tokens": 408576000, "lr": 0.0005067459102057661, "traj_own": 0.9825, "traj_other": 0.995, "skipped": 0, "sec": 756.2, "sec_per_step": 0.00995}
{"step": 78000, "loss": 0.0538, "tokens": 419328000, "lr": 0.00045204088696591886, "traj_own": 0.9825, "traj_other": 0.9975, "skipped": 0, "sec": 776.1, "sec_per_step": 0.00995}
{"step": 80000, "loss": 0.0098, "tokens": 430080000, "lr": 0.0003995863173109836, "traj_own": 0.9825, "traj_other": 0.995, "skipped": 0, "sec": 796.2, "sec_per_step": 0.00995}
{"step": 82000, "loss": 0.0215, "tokens": 440832000, "lr": 0.0003495976291986403, "traj_own": 0.9875, "traj_other": 0.995, "skipped": 0, "sec": 816.1, "sec_per_step": 0.00995}
{"step": 84000, "loss": 0.0055, "tokens": 451584000, "lr": 0.00030228012335021815, "traj_own": 0.9825, "traj_other": 0.995, "skipped": 0, "sec": 836.1, "sec_per_step": 0.00995}
{"step": 86000, "loss": 0.0271, "tokens": 462336000, "lr": 0.0002578281300922161, "traj_own": 0.985, "traj_other": 0.995, "skipped": 0, "sec": 856.0, "sec_per_step": 0.00995}
{"step": 88000, "loss": 0.0206, "tokens": 473088000, "lr": 0.00021642421125262, "traj_own": 0.9875, "traj_other": 0.995, "skipped": 0, "sec": 875.9, "sec_per_step": 0.00995}
{"step": 90000, "loss": 0.0665, "tokens": 483840000, "lr": 0.0001782384103897739, "traj_own": 0.9875, "traj_other": 0.995, "skipped": 0, "sec": 895.9, "sec_per_step": 0.00995}
{"step": 92000, "loss": 0.0662, "tokens": 494592000, "lr": 0.00014342755443308346, "traj_own": 0.9875, "traj_other": 0.995, "skipped": 0, "sec": 915.8, "sec_per_step": 0.00995}
{"step": 94000, "loss": 0.0624, "tokens": 505344000, "lr": 0.00011213460960366516, "traj_own": 0.9875, "traj_other": 0.995, "skipped": 0, "sec": 935.8, "sec_per_step": 0.00996}
{"step": 96000, "loss": 0.0238, "tokens": 516096000, "lr": 8.448809426014322e-05, "traj_own": 0.9875, "traj_other": 0.995, "skipped": 0, "sec": 955.9, "sec_per_step": 0.00996}
{"step": 98000, "loss": 0.0755, "tokens": 526848000, "lr": 6.060155108100283e-05, "traj_own": 0.9875, "traj_other": 0.995, "skipped": 0, "sec": 975.6, "sec_per_step": 0.00996}
{"step": 100000, "loss": 0.0138, "tokens": 537600000, "lr": 4.057308075121739e-05, "traj_own": 0.9875, "traj_other": 0.995, "skipped": 0, "sec": 995.6, "sec_per_step": 0.00996}
{"step": 102000, "loss": 0.0108, "tokens": 548352000, "lr": 2.4484939068270103e-05, "traj_own": 0.9875, "traj_other": 0.995, "skipped": 0, "sec": 1015.7, "sec_per_step": 0.00996}
{"step": 104000, "loss": 0.0143, "tokens": 559104000, "lr": 1.2403199122235354e-05, "traj_own": 0.9875, "traj_other": 0.995, "skipped": 0, "sec": 1035.4, "sec_per_step": 0.00996}
{"step": 106000, "loss": 0.044, "tokens": 569856000, "lr": 4.377479937326009e-06, "traj_own": 0.9875, "traj_other": 0.995, "skipped": 0, "sec": 1055.1, "sec_per_step": 0.00995}
{"step": 108000, "loss": 0.0082, "tokens": 580608000, "lr": 4.4074268936156695e-07, "traj_own": 0.9875, "traj_other": 0.995, "skipped": 0, "sec": 1075.0, "sec_per_step": 0.00995}
{"step": 108919, "loss": 0.0368, "tokens": 585548544, "lr": 8.000513541708895e-09, "traj_own": 0.9875, "traj_other": 0.995, "skipped": 0, "sec": 1084.3, "sec_per_step": 0.00996}
saved /workspace/mvm-out/succ_t_10m_seed0_rerun/succ_t_10m_seed0_rerun.pt
TRAINING COMPLETE
