recipe {"arm": "C", "size": "10M", "seed": 0, "batch": 96, "lr": 0.002, "weight_decay": 0.01, "warmup_frac": 0.1, "max_tokens": 585544960, "steps": 108919, "clip": 1.0, "tokens_per_step": 5376, "parameters": 6471750, "data": "fresh per step, evaluation sets excluded, fresh and relaxed pairings excluded"}
{"step": 2000, "loss": 1.116, "tokens": 10752000, "lr": 0.00023537962025161068, "traj_own": 0.565, "traj_other": 0.245, "skipped": 0, "sec": 19.4, "sec_per_step": 0.00972}
{"step": 4000, "loss": 1.076, "tokens": 21504000, "lr": 0.0006512209260282457, "traj_own": 0.575, "traj_other": 0.21, "skipped": 0, "sec": 39.1, "sec_per_step": 0.00977}
{"step": 6000, "loss": 0.6963, "tokens": 32256000, "lr": 0.0011929129502955137, "traj_own": 0.5525, "traj_other": 0.5575, "skipped": 0, "sec": 58.8, "sec_per_step": 0.0098}
{"step": 8000, "loss": 0.6546, "tokens": 43008000, "lr": 0.001685105899253469, "traj_own": 0.6, "traj_other": 0.555, "skipped": 0, "sec": 78.4, "sec_per_step": 0.00979}
{"step": 10000, "loss": 0.6723, "tokens": 53760000, "lr": 0.001968473203111262, "traj_own": 0.585, "traj_other": 0.5425, "skipped": 0, "sec": 98.0, "sec_per_step": 0.0098}
{"step": 12000, "loss": 0.6782, "tokens": 64512000, "lr": 0.001999368357435367, "traj_own": 0.6025, "traj_other": 0.5275, "skipped": 0, "sec": 117.5, "sec_per_step": 0.00979}
{"step": 14000, "loss": 0.6784, "tokens": 75264000, "lr": 0.0019950399536372487, "traj_own": 0.5625, "traj_other": 0.555, "skipped": 0, "sec": 137.1, "sec_per_step": 0.00979}
{"step": 16000, "loss": 0.6266, "tokens": 86016000, "lr": 0.0019866249933251706, "traj_own": 0.585, "traj_other": 0.5575, "skipped": 0, "sec": 156.5, "sec_per_step": 0.00978}
{"step": 18000, "loss": 0.6185, "tokens": 96768000, "lr": 0.0019741580362662974, "traj_own": 0.56, "traj_other": 0.5375, "skipped": 0, "sec": 176.1, "sec_per_step": 0.00978}
{"step": 20000, "loss": 0.6037, "tokens": 107520000, "lr": 0.001957690283549787, "traj_own": 0.5525, "traj_other": 0.6225, "skipped": 0, "sec": 195.6, "sec_per_step": 0.00978}
{"step": 22000, "loss": 0.5873, "tokens": 118272000, "lr": 0.0019372893673068085, "traj_own": 0.575, "traj_other": 0.56, "skipped": 0, "sec": 215.2, "sec_per_step": 0.00978}
{"step": 24000, "loss": 0.632, "tokens": 129024000, "lr": 0.0019130390729491943, "traj_own": 0.5775, "traj_other": 0.5525, "skipped": 0, "sec": 234.7, "sec_per_step": 0.00978}
{"step": 26000, "loss": 0.6261, "tokens": 139776000, "lr": 0.0018850389950674817, "traj_own": 0.585, "traj_other": 0.54, "skipped": 0, "sec": 254.2, "sec_per_step": 0.00978}
{"step": 28000, "loss": 0.6082, "tokens": 150528000, "lr": 0.00185340412840155, "traj_own": 0.615, "traj_other": 0.5225, "skipped": 0, "sec": 273.8, "sec_per_step": 0.00978}
{"step": 30000, "loss": 0.6002, "tokens": 161280000, "lr": 0.0018182643955637122, "traj_own": 0.5875, "traj_other": 0.55, "skipped": 0, "sec": 293.4, "sec_per_step": 0.00978}
{"step": 32000, "loss": 0.6382, "tokens": 172032000, "lr": 0.0017797641134538777, "traj_own": 0.5775, "traj_other": 0.525, "skipped": 0, "sec": 313.0, "sec_per_step": 0.00978}
{"step": 34000, "loss": 0.6537, "tokens": 182784000, "lr": 0.0017380614005581875, "traj_own": 0.585, "traj_other": 0.52, "skipped": 0, "sec": 332.6, "sec_per_step": 0.00978}
{"step": 36000, "loss": 0.5938, "tokens": 193536000, "lr": 0.0016933275275653145, "traj_own": 0.59, "traj_other": 0.555, "skipped": 0, "sec": 352.4, "sec_per_step": 0.00979}
{"step": 38000, "loss": 0.5786, "tokens": 204288000, "lr": 0.001645746213967409, "traj_own": 0.5975, "traj_other": 0.5225, "skipped": 0, "sec": 372.1, "sec_per_step": 0.00979}
{"step": 40000, "loss": 0.6215, "tokens": 215040000, "lr": 0.001595512873534512, "traj_own": 0.5675, "traj_other": 0.5825, "skipped": 0, "sec": 391.7, "sec_per_step": 0.00979}
{"step": 42000, "loss": 0.6452, "tokens": 225792000, "lr": 0.0015428338117612279, "traj_own": 0.6, "traj_other": 0.525, "skipped": 0, "sec": 411.2, "sec_per_step": 0.00979}
{"step": 44000, "loss": 0.5997, "tokens": 236544000, "lr": 0.0014879253785816987, "traj_own": 0.59, "traj_other": 0.5325, "skipped": 0, "sec": 430.8, "sec_per_step": 0.00979}
{"step": 46000, "loss": 0.5727, "tokens": 247296000, "lr": 0.0014310130798326343, "traj_own": 0.545, "traj_other": 0.5525, "skipped": 0, "sec": 450.3, "sec_per_step": 0.00979}
{"step": 48000, "loss": 0.6566, "tokens": 258048000, "lr": 0.001372330651113565, "traj_own": 0.57, "traj_other": 0.5425, "skipped": 0, "sec": 470.0, "sec_per_step": 0.00979}
{"step": 50000, "loss": 0.572, "tokens": 268800000, "lr": 0.0013121190978479225, "traj_own": 0.57, "traj_other": 0.585, "skipped": 0, "sec": 489.6, "sec_per_step": 0.00979}
{"step": 52000, "loss": 0.6149, "tokens": 279552000, "lr": 0.001250625705487368, "traj_own": 0.5225, "traj_other": 0.585, "skipped": 0, "sec": 509.1, "sec_per_step": 0.00979}
{"step": 54000, "loss": 0.6065, "tokens": 290304000, "lr": 0.0011881030239243924, "traj_own": 0.5775, "traj_other": 0.54, "skipped": 0, "sec": 528.8, "sec_per_step": 0.00979}
{"step": 56000, "loss": 0.6043, "tokens": 301056000, "lr": 0.0011248078302841624, "traj_own": 0.5575, "traj_other": 0.565, "skipped": 0, "sec": 548.3, "sec_per_step": 0.00979}
{"step": 58000, "loss": 0.6105, "tokens": 311808000, "lr": 0.0010610000743553531, "traj_own": 0.6, "traj_other": 0.56, "skipped": 0, "sec": 568.0, "sec_per_step": 0.00979}
{"step": 60000, "loss": 0.6084, "tokens": 322560000, "lr": 0.0009969418109910366, "traj_own": 0.6075, "traj_other": 0.5725, "skipped": 0, "sec": 587.6, "sec_per_step": 0.00979}
{"step": 62000, "loss": 0.5832, "tokens": 333312000, "lr": 0.0009328961238641875, "traj_own": 0.6025, "traj_other": 0.55, "skipped": 0, "sec": 607.2, "sec_per_step": 0.00979}
{"step": 64000, "loss": 0.6204, "tokens": 344064000, "lr": 0.0008691260449978829, "traj_own": 0.615, "traj_other": 0.525, "skipped": 0, "sec": 627.1, "sec_per_step": 0.0098}
{"step": 66000, "loss": 0.6162, "tokens": 354816000, "lr": 0.0008058934745076246, "traj_own": 0.575, "traj_other": 0.5725, "skipped": 0, "sec": 646.7, "sec_per_step": 0.0098}
{"step": 68000, "loss": 0.5984, "tokens": 365568000, "lr": 0.0007434581049923457, "traj_own": 0.585, "traj_other": 0.5225, "skipped": 0, "sec": 666.3, "sec_per_step": 0.0098}
{"step": 70000, "loss": 0.6011, "tokens": 376320000, "lr": 0.0006820763549915587, "traj_own": 0.59, "traj_other": 0.5425, "skipped": 0, "sec": 685.7, "sec_per_step": 0.0098}
{"step": 72000, "loss": 0.6016, "tokens": 387072000, "lr": 0.0006220003158888839, "traj_own": 0.615, "traj_other": 0.515, "skipped": 0, "sec": 705.4, "sec_per_step": 0.0098}
{"step": 74000, "loss": 0.6099, "tokens": 397824000, "lr": 0.00056347671658696, "traj_own": 0.53, "traj_other": 0.5675, "skipped": 0, "sec": 725.4, "sec_per_step": 0.0098}
{"step": 76000, "loss": 0.625, "tokens": 408576000, "lr": 0.0005067459102057661, "traj_own": 0.5575, "traj_other": 0.5675, "skipped": 0, "sec": 744.8, "sec_per_step": 0.0098}
{"step": 78000, "loss": 0.5832, "tokens": 419328000, "lr": 0.00045204088696591886, "traj_own": 0.6075, "traj_other": 0.54, "skipped": 0, "sec": 764.6, "sec_per_step": 0.0098}
{"step": 80000, "loss": 0.607, "tokens": 430080000, "lr": 0.0003995863173109836, "traj_own": 0.5575, "traj_other": 0.55, "skipped": 0, "sec": 784.4, "sec_per_step": 0.00981}
{"step": 82000, "loss": 0.6276, "tokens": 440832000, "lr": 0.0003495976291986403, "traj_own": 0.5625, "traj_other": 0.5275, "skipped": 0, "sec": 803.9, "sec_per_step": 0.0098}
{"step": 84000, "loss": 0.0293, "tokens": 451584000, "lr": 0.00030228012335021815, "traj_own": 1.0, "traj_other": 0.985, "skipped": 0, "sec": 823.2, "sec_per_step": 0.0098}
{"step": 86000, "loss": 0.0001, "tokens": 462336000, "lr": 0.0002578281300922161, "traj_own": 1.0, "traj_other": 0.995, "skipped": 0, "sec": 843.9, "sec_per_step": 0.00981}
{"step": 88000, "loss": 0.0, "tokens": 473088000, "lr": 0.00021642421125262, "traj_own": 1.0, "traj_other": 1.0, "skipped": 0, "sec": 863.6, "sec_per_step": 0.00981}
{"step": 90000, "loss": 0.0, "tokens": 483840000, "lr": 0.0001782384103897739, "traj_own": 1.0, "traj_other": 1.0, "skipped": 0, "sec": 883.0, "sec_per_step": 0.00981}
{"step": 92000, "loss": 0.0, "tokens": 494592000, "lr": 0.00014342755443308346, "traj_own": 1.0, "traj_other": 1.0, "skipped": 0, "sec": 902.3, "sec_per_step": 0.00981}
{"step": 94000, "loss": 0.0, "tokens": 505344000, "lr": 0.00011213460960366516, "traj_own": 1.0, "traj_other": 1.0, "skipped": 0, "sec": 921.5, "sec_per_step": 0.0098}
{"step": 96000, "loss": 0.0, "tokens": 516096000, "lr": 8.448809426014322e-05, "traj_own": 1.0, "traj_other": 1.0, "skipped": 0, "sec": 940.7, "sec_per_step": 0.0098}
{"step": 98000, "loss": 0.0, "tokens": 526848000, "lr": 6.060155108100283e-05, "traj_own": 1.0, "traj_other": 1.0, "skipped": 0, "sec": 959.8, "sec_per_step": 0.00979}
{"step": 100000, "loss": 0.0, "tokens": 537600000, "lr": 4.057308075121739e-05, "traj_own": 1.0, "traj_other": 1.0, "skipped": 0, "sec": 979.2, "sec_per_step": 0.00979}
{"step": 102000, "loss": 0.0, "tokens": 548352000, "lr": 2.4484939068270103e-05, "traj_own": 1.0, "traj_other": 1.0, "skipped": 0, "sec": 998.7, "sec_per_step": 0.00979}
{"step": 104000, "loss": 0.0, "tokens": 559104000, "lr": 1.2403199122235354e-05, "traj_own": 1.0, "traj_other": 1.0, "skipped": 0, "sec": 1018.5, "sec_per_step": 0.00979}
{"step": 106000, "loss": 0.0, "tokens": 569856000, "lr": 4.377479937326009e-06, "traj_own": 1.0, "traj_other": 1.0, "skipped": 0, "sec": 1038.3, "sec_per_step": 0.00979}
{"step": 108000, "loss": 0.0, "tokens": 580608000, "lr": 4.4074268936156695e-07, "traj_own": 1.0, "traj_other": 1.0, "skipped": 0, "sec": 1057.6, "sec_per_step": 0.00979}
{"step": 108919, "loss": 0.0, "tokens": 585548544, "lr": 8.000513541708895e-09, "traj_own": 1.0, "traj_other": 1.0, "skipped": 0, "sec": 1066.7, "sec_per_step": 0.00979}
saved /workspace/mvm-out/succ_c_10m_seed0_rerun/succ_c_10m_seed0_rerun.pt
TRAINING COMPLETE
