== 1. committed outputs against this session's re-run
files in the committed copy: 26; in this run's folder: 26; same names: True
table.md: byte-identical True
json values compared (approximate count): 26723
differences other than the run's own wall-clock time: 0
  (wall-clock) summary.json/seconds: committed 967s | this run 873s

== 2. the findings' prose figures, recomputed from the committed output files
section 1/2: readings: {'T/0': 0.0, 'T/1': 0.0, 'T/2': 0.0, 'C/0': 1.0051150895140666, 'C/1': 0.9925925925925926, 'C/2': 0.9974293059125964, 'F/0': 1.0, 'F/1': 1.0, 'F/2': 1.010840108401084, 'M/0': 0.4885993485342019, 'M/1': 0.4859504132231405, 'M/2': 0.5448717948717948}
section 1: described only: {'T/0': False, 'T/1': False, 'T/2': False, 'C/0': False, 'C/1': False, 'C/2': False, 'F/0': True, 'F/1': True, 'F/2': True, 'M/0': False, 'M/1': False, 'M/2': False}
section 1: separation: {'0': {'C_minus_T': 1.0051150895140666, 'clears_0_5': True}, '1': {'C_minus_T': 0.9925925925925926, 'clears_0_5': True}, '2': {'C_minus_T': 0.9974293059125964, 'clears_0_5': True}}
section 1/3: arm F, best piece at any layer and size, of 180: {'F/0': 34, 'F/1': 20, 'F/2': 29}
section 3: arm F, whole read by layer: {'F/0': [13, 32, 26, 19, 12], 'F/1': [13, 12, 21, 24, 21], 'F/2': [13, 18, 25, 20, 20]}
section 3: C/1 candidates:
    {'dev_ownership_only': 0.05, 'dev_whole': 0.5766666666666667, 'layers': [1], 'piece_correct': 44, 'positions': 'action+3', 'rank': 1, 'whole_read_correct': 177}
    {'dev_ownership_only': 0.05, 'dev_whole': 0.5766666666666667, 'layers': [1], 'piece_correct': 96, 'positions': 'action+3', 'rank': 2, 'whole_read_correct': 177}
    {'dev_ownership_only': 0.05333333333333334, 'dev_whole': 0.5766666666666667, 'layers': [1], 'piece_correct': 139, 'positions': 'action+3', 'rank': 4, 'whole_read_correct': 177}
    {'dev_ownership_only': 0.05333333333333334, 'dev_whole': 0.5766666666666667, 'layers': [1], 'piece_correct': 172, 'positions': 'action+3', 'rank': 8, 'whole_read_correct': 177}
    {'dev_ownership_only': 0.05, 'dev_whole': 0.5883333333333334, 'layers': [1], 'piece_correct': 44, 'positions': 'post-identity', 'rank': 1, 'whole_read_correct': 177}
    {'dev_ownership_only': 0.05, 'dev_whole': 0.5883333333333334, 'layers': [1], 'piece_correct': 96, 'positions': 'post-identity', 'rank': 2, 'whole_read_correct': 177}
    {'dev_ownership_only': 0.05333333333333334, 'dev_whole': 0.5883333333333334, 'layers': [1], 'piece_correct': 139, 'positions': 'post-identity', 'rank': 4, 'whole_read_correct': 177}
    {'dev_ownership_only': 0.05333333333333334, 'dev_whole': 0.5883333333333334, 'layers': [1], 'piece_correct': 172, 'positions': 'post-identity', 'rank': 8, 'whole_read_correct': 177}
    {'dev_ownership_only': 0.051666666666666666, 'dev_whole': 0.5783333333333334, 'layers': [4], 'piece_correct': 54, 'positions': 'action', 'rank': 1, 'whole_read_correct': 173}
    {'dev_ownership_only': 0.05333333333333334, 'dev_whole': 0.5783333333333334, 'layers': [4], 'piece_correct': 98, 'positions': 'action', 'rank': 2, 'whole_read_correct': 173}
    {'dev_ownership_only': 0.05333333333333334, 'dev_whole': 0.5783333333333334, 'layers': [4], 'piece_correct': 126, 'positions': 'action', 'rank': 4, 'whole_read_correct': 173}
    {'dev_ownership_only': 0.051666666666666666, 'dev_whole': 0.5783333333333334, 'layers': [4], 'piece_correct': 162, 'positions': 'action', 'rank': 8, 'whole_read_correct': 173}
    {'dev_ownership_only': 0.051666666666666666, 'dev_whole': 0.5783333333333334, 'layers': [4], 'piece_correct': 54, 'positions': 'action+ans', 'rank': 1, 'whole_read_correct': 173}
    {'dev_ownership_only': 0.05333333333333334, 'dev_whole': 0.5783333333333334, 'layers': [4], 'piece_correct': 98, 'positions': 'action+ans', 'rank': 2, 'whole_read_correct': 173}
    {'dev_ownership_only': 0.05333333333333334, 'dev_whole': 0.5783333333333334, 'layers': [4], 'piece_correct': 126, 'positions': 'action+ans', 'rank': 4, 'whole_read_correct': 173}
    {'dev_ownership_only': 0.051666666666666666, 'dev_whole': 0.5783333333333334, 'layers': [4], 'piece_correct': 162, 'positions': 'action+ans', 'rank': 8, 'whole_read_correct': 173}
section 3: C/1 primary: {'site_set': {'layers': [1], 'piece_correct': 172, 'positions': 'action+3', 'rank': 8, 'whole_read_correct': 177}, 'status': 'nominated'}
section 4: control 7, primary: 12 of 12 | stricter rows present: 9 , identical: 9 | described-only primaries: 3
section 4: no-transplant rule, inside allowance: 12 of 12 | largest miss: ('C/0', -0.013214285714285727)
section 4: control 1: {'T/0': 0.0, 'T/1': 0.0, 'T/2': 0.0, 'C/0': 0.545, 'C/1': 0.5625, 'C/2': 0.5312, 'F/0': 0.4838, 'F/1': 0.5637, 'F/2': 0.54, 'M/0': 0.3875, 'M/1': 0.3762, 'M/2': 0.4288}
section 4: control 3 below/equal/above: {'T/0': (20, 0, 0), 'T/1': (20, 0, 0), 'T/2': (20, 0, 0), 'C/0': (0, 0, 20), 'C/1': (6, 1, 13), 'C/2': (6, 5, 9), 'F/0': (6, 7, 7), 'F/1': (2, 1, 17), 'F/2': (8, 3, 9), 'M/0': (20, 0, 0), 'M/1': (20, 0, 0), 'M/2': (20, 0, 0)}
section 4: control 6 same moved: {'T/0': 0.0, 'T/1': 0.0, 'T/2': 0.0, 'C/0': 0.5062, 'C/1': 0.6296, 'C/2': 0.5679, 'F/0': 0.7284, 'F/1': 0.679, 'F/2': 0.6296, 'M/0': 0.2222, 'M/1': 0.2716, 'M/2': 0.321}
section 4: true slot: {'T/0': (0.0, nan, 0.0), 'T/1': (0.0, nan, 0.0), 'T/2': (0.0, nan, 0.0), 'M/0': (0.4837, 0.4837, 0.0049), 'M/1': (0.476, 0.476, 0.0099), 'M/2': (0.492, 0.492, 0.0529)}
section 4: rider: {'T/0': (0.0, 1.0, 0.0), 'T/1': (0.0, 1.0, 0.0), 'T/2': (0.0, 1.0, 0.0), 'C/0': (None, 0.0512, 0.0512), 'C/1': (None, 0.0488, 0.0488), 'C/2': (None, 0.06, 0.06), 'F/0': (None, 0.0587, 0.0587), 'F/1': (None, 0.0563, 0.0563), 'F/2': (None, 0.0688, 0.0688), 'M/0': (None, 0.4088, 0.0125), 'M/1': (None, 0.4138, 0.0175), 'M/2': (None, 0.41, 0.0138)}
section 4: stricter row site sets and readings:
    T/0 ([1], 'action', 8, 0.0) | same site as primary: False | nomination's stricter status: nominated
    T/1 ([1], 'action', 8, 0.0) | same site as primary: False | nomination's stricter status: nominated
    T/2 ([1], 'action', 8, 0.0) | same site as primary: False | nomination's stricter status: nominated
    C/0 ([2], 'action', 8, 1.0051150895140666) | same site as primary: True | nomination's stricter status: nominated
    C/1 ([1], 'action+3', 8, 0.9925925925925926) | same site as primary: True | nomination's stricter status: nominated
    C/2 ([1], 'post-identity', 4, 0.9974293059125964) | same site as primary: True | nomination's stricter status: nominated
    F/0 none | same site as primary: False | nomination's stricter status: read failed its floor: no size's piece reaches four fifths
    F/1 none | same site as primary: False | nomination's stricter status: read failed its floor: no size's piece reaches four fifths
    F/2 none | same site as primary: False | nomination's stricter status: read failed its floor: no size's piece reaches four fifths
    M/0 ([1], 'post-identity', 8, 0.4885993485342019) | same site as primary: True | nomination's stricter status: nominated
    M/1 ([1], 'post-identity', 8, 0.4859504132231405) | same site as primary: True | nomination's stricter status: nominated
    M/2 ([1], 'post-identity', 8, 0.5448717948717948) | same site as primary: True | nomination's stricter status: nominated
section 4: whole-state floor on fresh episodes clears: 12 of 12
section 5: F/0 control 2: {'status': 'no verdict', 'reason': "read failed its floor: no size's piece reaches four fifths", 'named_other_correct': 994, 'dev_named_other_accuracy': 0.32166666666666666, 'dev_untouched': 0.19333333333333333}
    layer 0: 16 | 20 / 16 / 16 / 16
    layer 1: 95 | 22 / 43 / 74 / 92
    layer 2: 137 | 40 / 64 / 96 / 139
    layer 3: 127 | 31 / 50 / 79 / 115
    layer 4: 102 | 38 / 51 / 67 / 102
section 5: control 2 on the rest: {'T/0': ('not applicable', None), 'T/1': ('not applicable', None), 'T/2': ('not applicable', None), 'C/0': ('no verdict', 760), 'C/1': ('no verdict', 751), 'C/2': ('no verdict', 708), 'F/1': ('no verdict', 781), 'F/2': ('no verdict', 746), 'M/0': ('not applicable', None), 'M/1': ('not applicable', None), 'M/2': ('not applicable', None)}
section 6: control 4 above no transplant: {'T/0': 0.0, 'T/1': 0.0, 'T/2': 0.0, 'C/0': 0.0025, 'C/1': 0.0013, 'C/2': 0.0713, 'F/0': 0.0788, 'F/1': 0.005, 'F/2': 0.065, 'M/0': 0.1013, 'M/1': 0.08, 'M/2': 0.085}
section 6: site sets: {'T/0': ([0], 'action'), 'T/1': ([0], 'action'), 'T/2': ([0], 'action'), 'C/0': ([2], 'action'), 'C/1': ([1], 'action+3'), 'C/2': ([1], 'post-identity'), 'F/0': ([1], 'post-identity'), 'F/1': ([1], 'action+3'), 'F/2': ([1], 'post-identity'), 'M/0': ([1], 'post-identity'), 'M/1': ([1], 'post-identity'), 'M/2': ([1], 'post-identity')}
